// Jest Snapshot v1, https://goo.gl/fbAQLP

exports[`itRenders Text renders snapshot 1`] = `<div />`;

exports[`itRenders View renders snapshot 1`] = `<div />`;
